Calculating task graph as no cached configuration is available for tasks: testDebugUnitTest
> Task :app:checkKotlinGradlePluginConfigurationErrors SKIPPED
> Task :app:preBuild UP-TO-DATE
> Task :app:preDebugBuild UP-TO-DATE
> Task :app:preDebugUnitTestBuild UP-TO-DATE
> Task :app:generateDebugResValues UP-TO-DATE
> Task :app:createDebugCompatibleScreenManifests UP-TO-DATE
> Task :app:javaPreCompileDebugUnitTest UP-TO-DATE
> Task :app:javaPreCompileDebug UP-TO-DATE
> Task :app:generateDebugResources UP-TO-DATE
> Task :app:extractDeepLinksDebug UP-TO-DATE
> Task :app:packageDebugResources UP-TO-DATE
> Task :app:checkDebugAarMetadata UP-TO-DATE
> Task :app:mapDebugSourceSetPaths UP-TO-DATE
> Task :app:parseDebugLocalResources UP-TO-DATE
> Task :app:mergeDebugResources UP-TO-DATE
> Task :app:processDebugMainManifest UP-TO-DATE
> Task :app:processDebugManifest UP-TO-DATE
> Task :app:processDebugManifestForPackage UP-TO-DATE
> Task :app:processDebugResources UP-TO-DATE
> Task :app:kspDebugKotlin UP-TO-DATE
> Task :app:compileDebugKotlin UP-TO-DATE
> Task :app:compileDebugJavaWithJavac UP-TO-DATE
> Task :app:hiltAggregateDepsDebug UP-TO-DATE
> Task :app:hiltJavaCompileDebug UP-TO-DATE
> Task :app:bundleDebugClassesToCompileJar UP-TO-DATE
> Task :app:processDebugJavaRes UP-TO-DATE
> Task :app:transformDebugClassesWithAsm UP-TO-DATE
> Task :app:bundleDebugClassesToRuntimeJar UP-TO-DATE
> Task :app:kspDebugUnitTestKotlin UP-TO-DATE

> Task :app:compileDebugUnitTestKotlin FAILED
e: file:///C:/Users/USER/OneDrive/Desktop/FinSplit/HATI_v2/app/src/test/java/com/hativ2/domain/usecase/AddTransactionUseCaseTest.kt:6:27 Unresolved reference 'test'.
e: file:///C:/Users/USER/OneDrive/Desktop/FinSplit/HATI_v2/app/src/test/java/com/hativ2/domain/usecase/AddTransactionUseCaseTest.kt:11:12 Unresolved reference 'mockito'.
e: file:///C:/Users/USER/OneDrive/Desktop/FinSplit/HATI_v2/app/src/test/java/com/hativ2/domain/usecase/AddTransactionUseCaseTest.kt:12:12 Unresolved reference 'mockito'.
e: file:///C:/Users/USER/OneDrive/Desktop/FinSplit/HATI_v2/app/src/test/java/com/hativ2/domain/usecase/AddTransactionUseCaseTest.kt:13:12 Unresolved reference 'mockito'.
e: file:///C:/Users/USER/OneDrive/Desktop/FinSplit/HATI_v2/app/src/test/java/com/hativ2/domain/usecase/AddTransactionUseCaseTest.kt:14:12 Unresolved reference 'mockito'.
e: file:///C:/Users/USER/OneDrive/Desktop/FinSplit/HATI_v2/app/src/test/java/com/hativ2/domain/usecase/AddTransactionUseCaseTest.kt:15:12 Unresolved reference 'mockito'.
e: file:///C:/Users/USER/OneDrive/Desktop/FinSplit/HATI_v2/app/src/test/java/com/hativ2/domain/usecase/AddTransactionUseCaseTest.kt:16:12 Unresolved reference 'mockito'.
e: file:///C:/Users/USER/OneDrive/Desktop/FinSplit/HATI_v2/app/src/test/java/com/hativ2/domain/usecase/AddTransactionUseCaseTest.kt:20:6 Unresolved reference 'Mock'.
e: file:///C:/Users/USER/OneDrive/Desktop/FinSplit/HATI_v2/app/src/test/java/com/hativ2/domain/usecase/AddTransactionUseCaseTest.kt:27:9 Unresolved reference 'MockitoAnnotations'.
e: file:///C:/Users/USER/OneDrive/Desktop/FinSplit/HATI_v2/app/src/test/java/com/hativ2/domain/usecase/AddTransactionUseCaseTest.kt:32:49 Unresolved reference 'runTest'.
e: file:///C:/Users/USER/OneDrive/Desktop/FinSplit/HATI_v2/app/src/test/java/com/hativ2/domain/usecase/AddTransactionUseCaseTest.kt:40:44 Suspend function 'suspend fun execute(dashboardId: String, description: String, amount: Double, paidBy: String, category: String, splitWith: List<String>): Result<String>' should be called only from a coroutine or another suspend function.
e: file:///C:/Users/USER/OneDrive/Desktop/FinSplit/HATI_v2/app/src/test/java/com/hativ2/domain/usecase/AddTransactionUseCaseTest.kt:46:29 Unresolved reference 'argumentCaptor'.
e: file:///C:/Users/USER/OneDrive/Desktop/FinSplit/HATI_v2/app/src/test/java/com/hativ2/domain/usecase/AddTransactionUseCaseTest.kt:47:28 Unresolved reference 'argumentCaptor'.
e: file:///C:/Users/USER/OneDrive/Desktop/FinSplit/HATI_v2/app/src/test/java/com/hativ2/domain/usecase/AddTransactionUseCaseTest.kt:49:9 Unresolved reference 'verify'.
e: file:///C:/Users/USER/OneDrive/Desktop/FinSplit/HATI_v2/app/src/test/java/com/hativ2/domain/usecase/AddTransactionUseCaseTest.kt:58:28 Cannot infer type for this parameter. Please specify it explicitly.
e: file:///C:/Users/USER/OneDrive/Desktop/FinSplit/HATI_v2/app/src/test/java/com/hativ2/domain/usecase/AddTransactionUseCaseTest.kt:58:46 Unresolved reference 'amount'.
e: file:///C:/Users/USER/OneDrive/Desktop/FinSplit/HATI_v2/app/src/test/java/com/hativ2/domain/usecase/AddTransactionUseCaseTest.kt:62:47 Unresolved reference 'runTest'.
e: file:///C:/Users/USER/OneDrive/Desktop/FinSplit/HATI_v2/app/src/test/java/com/hativ2/domain/usecase/AddTransactionUseCaseTest.kt:62:55 Unresolved reference 'addExpense'.
e: file:///C:/Users/USER/OneDrive/Desktop/FinSplit/HATI_v2/app/src/test/java/com/hativ2/domain/usecase/AddTransactionUseCaseTest.kt:63:44 Suspend function 'suspend fun execute(dashboardId: String, description: String, amount: Double, paidBy: String, category: String, splitWith: List<String>): Result<String>' should be called only from a coroutine or another suspend function.
e: file:///C:/Users/USER/OneDrive/Desktop/FinSplit/HATI_v2/app/src/test/java/com/hativ2/domain/usecase/AddTransactionUseCaseTest.kt:68:9 Unresolved reference 'verify'.
e: file:///C:/Users/USER/OneDrive/Desktop/FinSplit/HATI_v2/app/src/test/java/com/hativ2/domain/usecase/AddTransactionUseCaseTest.kt:68:39 Unresolved reference 'times'.
e: file:///C:/Users/USER/OneDrive/Desktop/FinSplit/HATI_v2/app/src/test/java/com/hativ2/domain/usecase/AddTransactionUseCaseTest.kt:68:60 Unresolved reference 'any'.
e: file:///C:/Users/USER/OneDrive/Desktop/FinSplit/HATI_v2/app/src/test/java/com/hativ2/domain/usecase/AddTransactionUseCaseTest.kt:68:67 Unresolved reference 'any'.
e: file:///C:/Users/USER/OneDrive/Desktop/FinSplit/HATI_v2/app/src/test/java/com/hativ2/domain/usecase/AddTransactionUseCaseTest.kt:72:49 Unresolved reference 'runTest'.
e: file:///C:/Users/USER/OneDrive/Desktop/FinSplit/HATI_v2/app/src/test/java/com/hativ2/domain/usecase/AddTransactionUseCaseTest.kt:72:57 Unresolved reference 'addExpense'.
e: file:///C:/Users/USER/OneDrive/Desktop/FinSplit/HATI_v2/app/src/test/java/com/hativ2/domain/usecase/AddTransactionUseCaseTest.kt:73:44 Suspend function 'suspend fun execute(dashboardId: String, description: String, amount: Double, paidBy: String, category: String, splitWith: List<String>): Result<String>' should be called only from a coroutine or another suspend function.
e: file:///C:/Users/USER/OneDrive/Desktop/FinSplit/HATI_v2/app/src/test/java/com/hativ2/domain/usecase/AddTransactionUseCaseTest.kt:78:9 Unresolved reference 'verify'.
e: file:///C:/Users/USER/OneDrive/Desktop/FinSplit/HATI_v2/app/src/test/java/com/hativ2/domain/usecase/AddTransactionUseCaseTest.kt:78:39 Unresolved reference 'times'.
e: file:///C:/Users/USER/OneDrive/Desktop/FinSplit/HATI_v2/app/src/test/java/com/hativ2/domain/usecase/AddTransactionUseCaseTest.kt:78:60 Unresolved reference 'any'.
e: file:///C:/Users/USER/OneDrive/Desktop/FinSplit/HATI_v2/app/src/test/java/com/hativ2/domain/usecase/AddTransactionUseCaseTest.kt:78:67 Unresolved reference 'any'.
e: file:///C:/Users/USER/OneDrive/Desktop/FinSplit/HATI_v2/app/src/test/java/com/hativ2/domain/usecase/AddTransactionUseCaseTest.kt:82:48 Unresolved reference 'runTest'.
e: file:///C:/Users/USER/OneDrive/Desktop/FinSplit/HATI_v2/app/src/test/java/com/hativ2/domain/usecase/AddTransactionUseCaseTest.kt:82:56 Unresolved reference 'addExpense'.
e: file:///C:/Users/USER/OneDrive/Desktop/FinSplit/HATI_v2/app/src/test/java/com/hativ2/domain/usecase/AddTransactionUseCaseTest.kt:83:44 Suspend function 'suspend fun execute(dashboardId: String, description: String, amount: Double, paidBy: String, category: String, splitWith: List<String>): Result<String>' should be called only from a coroutine or another suspend function.
e: file:///C:/Users/USER/OneDrive/Desktop/FinSplit/HATI_v2/app/src/test/java/com/hativ2/domain/usecase/AddTransactionUseCaseTest.kt:88:9 Unresolved reference 'verify'.
e: file:///C:/Users/USER/OneDrive/Desktop/FinSplit/HATI_v2/app/src/test/java/com/hativ2/domain/usecase/AddTransactionUseCaseTest.kt:88:39 Unresolved reference 'times'.
e: file:///C:/Users/USER/OneDrive/Desktop/FinSplit/HATI_v2/app/src/test/java/com/hativ2/domain/usecase/AddTransactionUseCaseTest.kt:88:60 Unresolved reference 'any'.
e: file:///C:/Users/USER/OneDrive/Desktop/FinSplit/HATI_v2/app/src/test/java/com/hativ2/domain/usecase/AddTransactionUseCaseTest.kt:88:67 Unresolved reference 'any'.

[Incubating] Problems report is available at: file:///C:/Users/USER/OneDrive/Desktop/FinSplit/HATI_v2/build/reports/problems/problems-report.html

FAILURE: Build failed with an exception.

* What went wrong:
Execution failed for task ':app:compileDebugUnitTestKotlin'.
> A failure occurred while executing org.jetbrains.kotlin.compilerRunner.GradleCompilerRunnerWithWorkers$GradleKotlinCompilerWorkAction
   > Compilation error. See log for more details

* Try:
> Run with --stacktrace option to get the stack trace.
> Run with --info or --debug option to get more log output.
> Run with --scan to generate a Build Scan (Powered by Develocity).
> Get more help at https://help.gradle.org.

Deprecated Gradle features were used in this build, making it incompatible with Gradle 10.

You can use '--warning-mode all' to show the individual deprecation warnings and determine if they come from your own scripts or plugins.

For more on this, please refer to https://docs.gradle.org/9.1.0/userguide/command_line_interface.html#sec:command_line_warnings in the Gradle documentation.

BUILD FAILED in 1s
26 actionable tasks: 1 executed, 25 up-to-date
Configuration cache entry stored.
